// Jest Snapshot v1, https://goo.gl/fbAQLP

exports[`Login should match snapshot 1`] = `
ShallowWrapper {
  "length": 1,
  Symbol(enzyme.__root__): [Circular],
  Symbol(enzyme.__unrendered__): <Signup />,
  Symbol(enzyme.__renderer__): Object {
    "batchedUpdates": [Function],
    "getNode": [Function],
    "render": [Function],
    "simulateEvent": [Function],
    "unmount": [Function],
  },
  Symbol(enzyme.__node__): Object {
    "instance": null,
    "key": undefined,
    "nodeType": "host",
    "props": Object {
      "children": Array [
        false,
        <h2>
          SIGNUP
</h2>,
        <input
          name="name"
          onChange={[Function]}
          placeholder="Name"
          type="text"
          value=""
/>,
        <input
          name="email"
          onChange={[Function]}
          placeholder="email"
          type="text"
          value=""
/>,
        <input
          name="password"
          onChange={[Function]}
          placeholder="password"
          type="text"
          value=""
/>,
        <button
          className="sign-up"
>
          Sign Up
</button>,
      ],
      "className": "sign-up-form",
      "onSubmit": [Function],
    },
    "ref": null,
    "rendered": Array [
      false,
      Object {
        "instance": null,
        "key": undefined,
        "nodeType": "host",
        "props": Object {
          "children": "SIGNUP",
        },
        "ref": null,
        "rendered": "SIGNUP",
        "type": "h2",
      },
      Object {
        "instance": null,
        "key": undefined,
        "nodeType": "host",
        "props": Object {
          "name": "name",
          "onChange": [Function],
          "placeholder": "Name",
          "type": "text",
          "value": "",
        },
        "ref": null,
        "rendered": null,
        "type": "input",
      },
      Object {
        "instance": null,
        "key": undefined,
        "nodeType": "host",
        "props": Object {
          "name": "email",
          "onChange": [Function],
          "placeholder": "email",
          "type": "text",
          "value": "",
        },
        "ref": null,
        "rendered": null,
        "type": "input",
      },
      Object {
        "instance": null,
        "key": undefined,
        "nodeType": "host",
        "props": Object {
          "name": "password",
          "onChange": [Function],
          "placeholder": "password",
          "type": "text",
          "value": "",
        },
        "ref": null,
        "rendered": null,
        "type": "input",
      },
      Object {
        "instance": null,
        "key": undefined,
        "nodeType": "host",
        "props": Object {
          "children": "Sign Up",
          "className": "sign-up",
        },
        "ref": null,
        "rendered": "Sign Up",
        "type": "button",
      },
    ],
    "type": "form",
  },
  Symbol(enzyme.__nodes__): Array [
    Object {
      "instance": null,
      "key": undefined,
      "nodeType": "host",
      "props": Object {
        "children": Array [
          false,
          <h2>
            SIGNUP
</h2>,
          <input
            name="name"
            onChange={[Function]}
            placeholder="Name"
            type="text"
            value=""
/>,
          <input
            name="email"
            onChange={[Function]}
            placeholder="email"
            type="text"
            value=""
/>,
          <input
            name="password"
            onChange={[Function]}
            placeholder="password"
            type="text"
            value=""
/>,
          <button
            className="sign-up"
>
            Sign Up
</button>,
        ],
        "className": "sign-up-form",
        "onSubmit": [Function],
      },
      "ref": null,
      "rendered": Array [
        false,
        Object {
          "instance": null,
          "key": undefined,
          "nodeType": "host",
          "props": Object {
            "children": "SIGNUP",
          },
          "ref": null,
          "rendered": "SIGNUP",
          "type": "h2",
        },
        Object {
          "instance": null,
          "key": undefined,
          "nodeType": "host",
          "props": Object {
            "name": "name",
            "onChange": [Function],
            "placeholder": "Name",
            "type": "text",
            "value": "",
          },
          "ref": null,
          "rendered": null,
          "type": "input",
        },
        Object {
          "instance": null,
          "key": undefined,
          "nodeType": "host",
          "props": Object {
            "name": "email",
            "onChange": [Function],
            "placeholder": "email",
            "type": "text",
            "value": "",
          },
          "ref": null,
          "rendered": null,
          "type": "input",
        },
        Object {
          "instance": null,
          "key": undefined,
          "nodeType": "host",
          "props": Object {
            "name": "password",
            "onChange": [Function],
            "placeholder": "password",
            "type": "text",
            "value": "",
          },
          "ref": null,
          "rendered": null,
          "type": "input",
        },
        Object {
          "instance": null,
          "key": undefined,
          "nodeType": "host",
          "props": Object {
            "children": "Sign Up",
            "className": "sign-up",
          },
          "ref": null,
          "rendered": "Sign Up",
          "type": "button",
        },
      ],
      "type": "form",
    },
  ],
  Symbol(enzyme.__options__): Object {
    "adapter": ReactSixteenAdapter {
      "options": Object {
        "enableComponentDidUpdateOnSetState": true,
      },
    },
  },
}
`;
